
> frontend@0.0.1 build
> vite build

3:26:24 PM [vite-plugin-svelte] You are using Svelte 5.55.5 with vite-plugin-svelte@3. Active Svelte 5 support has moved to vite-plugin-svelte@4.
	To receive bug fixes and new features update your devDependencies to "@sveltejs/vite-plugin-svelte": "^4.0.0-next.6" and install.
	For framework integrations that depend on it, you might have to add an override:
	"overrides": {"@sveltejs/vite-plugin-svelte": "^4.0.0-next.6"}
vite v5.4.20 building SSR bundle for production...
transforming...
3:26:26 PM [vite-plugin-svelte] .svelte-kit/generated/root.svelte:11:27 This reference only captures the initial value of `stores`. Did you mean to reference it inside a closure instead?
https://svelte.dev/e/state_referenced_locally
 9: 
10:   if (!browser) {
11:     setContext('__svelte__', stores);
                                       ^
12:   }
13: 
3:26:26 PM [vite-plugin-svelte] .svelte-kit/generated/root.svelte:17:2 This reference only captures the initial value of `stores`. Did you mean to reference it inside a closure instead?
https://svelte.dev/e/state_referenced_locally
15:     $effect.pre(() => stores.page.set(page));
16:   } else {
17:     stores.page.set(page);
              ^
18:   }
19:   $effect(() => {
3:26:26 PM [vite-plugin-svelte] .svelte-kit/generated/root.svelte:17:18 This reference only captures the initial value of `page`. Did you mean to reference it inside a closure instead?
https://svelte.dev/e/state_referenced_locally
15:     $effect.pre(() => stores.page.set(page));
16:   } else {
17:     stores.page.set(page);
                            ^
18:   }
19:   $effect(() => {
✓ 358 modules transformed.
Generated an empty chunk: "entries/pages/_lang_/10minutemail/_page".
Generated an empty chunk: "entries/pages/_lang_/best-temp-mail/_page".
Generated an empty chunk: "entries/pages/_lang_/blog/_page".
Generated an empty chunk: "entries/pages/_lang_/blog/_slug_/_page".
Generated an empty chunk: "entries/pages/_lang_/burner-email/_page".
Generated an empty chunk: "entries/pages/_lang_/contact/_page".
Generated an empty chunk: "entries/pages/_lang_/edu-email-generator/_page".
Generated an empty chunk: "entries/pages/_lang_/email-generator/_page".
Generated an empty chunk: "entries/pages/_lang_/faq/_page".
Generated an empty chunk: "entries/pages/_lang_/gmail-generator/_page".
Generated an empty chunk: "entries/pages/_lang_/privacy-policy/_page".
Generated an empty chunk: "entries/pages/_lang_/temp-gmail/_page".
Generated an empty chunk: "entries/pages/_lang_/temp-mail-edu/_page".
Generated an empty chunk: "entries/pages/_lang_/temporary-gmail/_page".
Generated an empty chunk: "entries/pages/_lang_/terms/_page".
rendering chunks...
3:26:28 PM [vite-plugin-svelte] You are using Svelte 5.55.5 with vite-plugin-svelte@3. Active Svelte 5 support has moved to vite-plugin-svelte@4.
	To receive bug fixes and new features update your devDependencies to "@sveltejs/vite-plugin-svelte": "^4.0.0-next.6" and install.
	For framework integrations that depend on it, you might have to add an override:
	"overrides": {"@sveltejs/vite-plugin-svelte": "^4.0.0-next.6"}
vite v5.4.20 building for production...
transforming...
3:26:30 PM [vite-plugin-svelte] .svelte-kit/generated/root.svelte:11:27 This reference only captures the initial value of `stores`. Did you mean to reference it inside a closure instead?
https://svelte.dev/e/state_referenced_locally
 9: 
10:   if (!browser) {
11:     setContext('__svelte__', stores);
                                       ^
12:   }
13: 
3:26:30 PM [vite-plugin-svelte] .svelte-kit/generated/root.svelte:17:2 This reference only captures the initial value of `stores`. Did you mean to reference it inside a closure instead?
https://svelte.dev/e/state_referenced_locally
15:     $effect.pre(() => stores.page.set(page));
16:   } else {
17:     stores.page.set(page);
              ^
18:   }
19:   $effect(() => {
3:26:30 PM [vite-plugin-svelte] .svelte-kit/generated/root.svelte:17:18 This reference only captures the initial value of `page`. Did you mean to reference it inside a closure instead?
https://svelte.dev/e/state_referenced_locally
15:     $effect.pre(() => stores.page.set(page));
16:   } else {
17:     stores.page.set(page);
                            ^
18:   }
19:   $effect(() => {
✓ 401 modules transformed.
rendering chunks...
computing gzip size...
.svelte-kit/output/client/_app/version.json                                     0.03 kB │ gzip:  0.05 kB
.svelte-kit/output/client/.vite/manifest.json                                  44.53 kB │ gzip:  4.05 kB
.svelte-kit/output/client/_app/immutable/assets/32.BZydLfBP.css                 0.31 kB │ gzip:  0.17 kB
.svelte-kit/output/client/_app/immutable/assets/30.B9qcGHF6.css                 0.36 kB │ gzip:  0.19 kB
.svelte-kit/output/client/_app/immutable/assets/Breadcrumb.BmZYyKRX.css         0.69 kB │ gzip:  0.29 kB
.svelte-kit/output/client/_app/immutable/assets/_page.Ca8JZTwE.css              0.84 kB │ gzip:  0.39 kB
.svelte-kit/output/client/_app/immutable/assets/_page.DHVKW6XC.css              0.85 kB │ gzip:  0.39 kB
.svelte-kit/output/client/_app/immutable/assets/RelatedGuides.BcbeWErH.css      0.99 kB │ gzip:  0.43 kB
.svelte-kit/output/client/_app/immutable/assets/37.CIiOrT1M.css                 1.00 kB │ gzip:  0.41 kB
.svelte-kit/output/client/_app/immutable/assets/31.n-4_1IJn.css                 1.16 kB │ gzip:  0.51 kB
.svelte-kit/output/client/_app/immutable/assets/_page.RyF0HubK.css              1.30 kB │ gzip:  0.44 kB
.svelte-kit/output/client/_app/immutable/assets/45.BggYkHvp.css                 1.88 kB │ gzip:  0.59 kB
.svelte-kit/output/client/_app/immutable/assets/28.CskI46f3.css                 2.47 kB │ gzip:  0.79 kB
.svelte-kit/output/client/_app/immutable/assets/Navigation.Bydwkj3d.css         2.56 kB │ gzip:  0.77 kB
.svelte-kit/output/client/_app/immutable/assets/27.CfAW1SYx.css                 2.80 kB │ gzip:  0.77 kB
.svelte-kit/output/client/_app/immutable/assets/29.CDAFdpds.css                 4.90 kB │ gzip:  1.39 kB
.svelte-kit/output/client/_app/immutable/assets/_page.CEv1j5ph.css              5.25 kB │ gzip:  1.27 kB
.svelte-kit/output/client/_app/immutable/assets/tool-page-layout.B7Eh_CqO.css   6.34 kB │ gzip:  1.52 kB
.svelte-kit/output/client/_app/immutable/assets/_page.D8TAS2QF.css              7.23 kB │ gzip:  1.97 kB
.svelte-kit/output/client/_app/immutable/assets/0.BXoZF0ps.css                  7.84 kB │ gzip:  2.19 kB
.svelte-kit/output/client/_app/immutable/assets/_page.BsiLZnJC.css             10.79 kB │ gzip:  2.34 kB
.svelte-kit/output/client/_app/immutable/assets/_page.B8qAOhNR.css             17.71 kB │ gzip:  3.54 kB
.svelte-kit/output/client/_app/immutable/assets/_page.D5ebQRbs.css             18.15 kB │ gzip:  3.50 kB
.svelte-kit/output/client/_app/immutable/assets/_page.CfIQ1_m0.css             18.17 kB │ gzip:  3.51 kB
.svelte-kit/output/client/_app/immutable/assets/_page.L0ndOTfy.css             18.38 kB │ gzip:  3.51 kB
.svelte-kit/output/client/_app/immutable/assets/_page.CFJGxjWr.css             19.27 kB │ gzip:  3.73 kB
.svelte-kit/output/client/_app/immutable/assets/_page.DUZ1HGdO.css             19.50 kB │ gzip:  3.75 kB
.svelte-kit/output/client/_app/immutable/assets/_page.Dy6wjpWQ.css             19.50 kB │ gzip:  3.75 kB
.svelte-kit/output/client/_app/immutable/assets/_page.DeSjPpen.css             19.74 kB │ gzip:  3.76 kB
.svelte-kit/output/client/_app/immutable/assets/_page.B5v3of5i.css             19.74 kB │ gzip:  3.75 kB
.svelte-kit/output/client/_app/immutable/assets/_page.DKU5S7hf.css             19.74 kB │ gzip:  3.76 kB
.svelte-kit/output/client/_app/immutable/assets/_page.CAEZiSO0.css             19.76 kB │ gzip:  3.76 kB
.svelte-kit/output/client/_app/immutable/assets/_page.DkVI0WJz.css             20.98 kB │ gzip:  3.98 kB
.svelte-kit/output/client/_app/immutable/assets/_page.D2_9De58.css             39.29 kB │ gzip:  6.36 kB
.svelte-kit/output/client/_app/immutable/chunks/Bt-Xh7oU.js                     0.03 kB │ gzip:  0.05 kB
.svelte-kit/output/client/_app/immutable/chunks/CgTQuAvy.js                     0.04 kB │ gzip:  0.06 kB
.svelte-kit/output/client/_app/immutable/entry/start.CyP-5YDx.js                0.08 kB │ gzip:  0.09 kB
.svelte-kit/output/client/_app/immutable/chunks/CWj6FrbW.js                     0.11 kB │ gzip:  0.11 kB
.svelte-kit/output/client/_app/immutable/nodes/5.B3Ebs9M4.js                    0.20 kB │ gzip:  0.18 kB
.svelte-kit/output/client/_app/immutable/nodes/33.mTfD9UBt.js                   0.20 kB │ gzip:  0.18 kB
.svelte-kit/output/client/_app/immutable/nodes/34.Bk0AAIPT.js                   0.20 kB │ gzip:  0.18 kB
.svelte-kit/output/client/_app/immutable/nodes/36.C4HfO769.js                   0.20 kB │ gzip:  0.18 kB
.svelte-kit/output/client/_app/immutable/nodes/39.DGdmE_uX.js                   0.20 kB │ gzip:  0.18 kB
.svelte-kit/output/client/_app/immutable/nodes/40.ypBWJoYO.js                   0.20 kB │ gzip:  0.19 kB
.svelte-kit/output/client/_app/immutable/nodes/42.DaJmGP78.js                   0.20 kB │ gzip:  0.18 kB
.svelte-kit/output/client/_app/immutable/nodes/43.D9YkmEdh.js                   0.20 kB │ gzip:  0.18 kB
.svelte-kit/output/client/_app/immutable/nodes/44.CwDmMOrF.js                   0.20 kB │ gzip:  0.18 kB
.svelte-kit/output/client/_app/immutable/nodes/47.bfZvllSE.js                   0.20 kB │ gzip:  0.18 kB
.svelte-kit/output/client/_app/immutable/nodes/48.DWVETM8m.js                   0.20 kB │ gzip:  0.18 kB
.svelte-kit/output/client/_app/immutable/nodes/49.1qFWo86T.js                   0.20 kB │ gzip:  0.18 kB
.svelte-kit/output/client/_app/immutable/nodes/50.CgeUCX4a.js                   0.20 kB │ gzip:  0.18 kB
.svelte-kit/output/client/_app/immutable/nodes/4.BKfWUyhj.js                    0.21 kB │ gzip:  0.19 kB
.svelte-kit/output/client/_app/immutable/nodes/35.JWGsyd1J.js                   0.21 kB │ gzip:  0.19 kB
.svelte-kit/output/client/_app/immutable/nodes/38.BVGlojd7.js                   0.21 kB │ gzip:  0.19 kB
.svelte-kit/output/client/_app/immutable/nodes/41.BfiW-UaR.js                   0.21 kB │ gzip:  0.19 kB
.svelte-kit/output/client/_app/immutable/nodes/46.yh9wOluT.js                   0.21 kB │ gzip:  0.19 kB
.svelte-kit/output/client/_app/immutable/nodes/51.BMT2yhDO.js                   0.21 kB │ gzip:  0.19 kB
.svelte-kit/output/client/_app/immutable/nodes/3.CAAlfEh5.js                    0.21 kB │ gzip:  0.17 kB
.svelte-kit/output/client/_app/immutable/nodes/6.CrMkt0Jq.js                    0.23 kB │ gzip:  0.17 kB
.svelte-kit/output/client/_app/immutable/chunks/DKKPIv_P.js                     0.26 kB │ gzip:  0.20 kB
.svelte-kit/output/client/_app/immutable/nodes/7.D4sMynC1.js                    0.35 kB │ gzip:  0.26 kB
.svelte-kit/output/client/_app/immutable/nodes/10.DbVXdV4V.js                   0.35 kB │ gzip:  0.26 kB
.svelte-kit/output/client/_app/immutable/nodes/13.CUKrOCKP.js                   0.35 kB │ gzip:  0.26 kB
.svelte-kit/output/client/_app/immutable/nodes/14.Cav4mOhP.js                   0.35 kB │ gzip:  0.26 kB
.svelte-kit/output/client/_app/immutable/nodes/15.egbsFNid.js                   0.35 kB │ gzip:  0.26 kB
.svelte-kit/output/client/_app/immutable/nodes/16.BtHem937.js                   0.35 kB │ gzip:  0.26 kB
.svelte-kit/output/client/_app/immutable/nodes/17.dRq6Qh_q.js                   0.35 kB │ gzip:  0.26 kB
.svelte-kit/output/client/_app/immutable/nodes/19.D8mpPx5f.js                   0.35 kB │ gzip:  0.26 kB
.svelte-kit/output/client/_app/immutable/nodes/21.pEAPilLV.js                   0.35 kB │ gzip:  0.26 kB
.svelte-kit/output/client/_app/immutable/nodes/22.Q5_2yslC.js                   0.35 kB │ gzip:  0.26 kB
.svelte-kit/output/client/_app/immutable/nodes/23.BDXFMofl.js                   0.35 kB │ gzip:  0.26 kB
.svelte-kit/output/client/_app/immutable/nodes/25.CUVyKLtb.js                   0.35 kB │ gzip:  0.26 kB
.svelte-kit/output/client/_app/immutable/nodes/26.NpNosJqo.js                   0.35 kB │ gzip:  0.26 kB
.svelte-kit/output/client/_app/immutable/nodes/18.Da2JtwuE.js                   0.36 kB │ gzip:  0.27 kB
.svelte-kit/output/client/_app/immutable/nodes/20.DRc11xwo.js                   0.36 kB │ gzip:  0.27 kB
.svelte-kit/output/client/_app/immutable/nodes/24.C_4rVgWI.js                   0.36 kB │ gzip:  0.27 kB
.svelte-kit/output/client/_app/immutable/nodes/8.Bdt3bOva.js                    0.36 kB │ gzip:  0.27 kB
.svelte-kit/output/client/_app/immutable/nodes/9.CsSC35l8.js                    0.36 kB │ gzip:  0.27 kB
.svelte-kit/output/client/_app/immutable/chunks/BclGV25F.js                     0.37 kB │ gzip:  0.27 kB
.svelte-kit/output/client/_app/immutable/chunks/CkA_iZVy.js                     0.38 kB │ gzip:  0.28 kB
.svelte-kit/output/client/_app/immutable/chunks/M7fcc6dM.js                     0.40 kB │ gzip:  0.29 kB
.svelte-kit/output/client/_app/immutable/chunks/C1Stweba.js                     0.40 kB │ gzip:  0.28 kB
.svelte-kit/output/client/_app/immutable/chunks/BKuqSeVd.js                     0.43 kB │ gzip:  0.30 kB
.svelte-kit/output/client/_app/immutable/chunks/8tN988v1.js                     0.44 kB │ gzip:  0.32 kB
.svelte-kit/output/client/_app/immutable/chunks/BJ4VzYCH.js                     0.49 kB │ gzip:  0.28 kB
.svelte-kit/output/client/_app/immutable/chunks/CWGgOXNP.js                     0.50 kB │ gzip:  0.34 kB
.svelte-kit/output/client/_app/immutable/chunks/BLvgN1Ik.js                     0.52 kB │ gzip:  0.33 kB
.svelte-kit/output/client/_app/immutable/nodes/12.BowfGIsS.js                   0.53 kB │ gzip:  0.36 kB
.svelte-kit/output/client/_app/immutable/nodes/11.SkfnIqTR.js                   0.53 kB │ gzip:  0.36 kB
.svelte-kit/output/client/_app/immutable/nodes/1.5-DGa9zS.js                    0.61 kB │ gzip:  0.38 kB
.svelte-kit/output/client/_app/immutable/chunks/CPH4-IvJ.js                     0.72 kB │ gzip:  0.46 kB
.svelte-kit/output/client/_app/immutable/chunks/D16VDVUF.js                     0.90 kB │ gzip:  0.54 kB
.svelte-kit/output/client/_app/immutable/chunks/-Uqv2ci1.js                     0.99 kB │ gzip:  0.51 kB
.svelte-kit/output/client/_app/immutable/nodes/2.YpW3qd9X.js                    1.00 kB │ gzip:  0.59 kB
.svelte-kit/output/client/_app/immutable/chunks/BU6810FM.js                     1.00 kB │ gzip:  0.58 kB
.svelte-kit/output/client/_app/immutable/chunks/DOQ1HaFR.js                     1.12 kB │ gzip:  0.60 kB
.svelte-kit/output/client/_app/immutable/chunks/Gh9xQU_F.js                     1.39 kB │ gzip:  0.70 kB
.svelte-kit/output/client/_app/immutable/nodes/31.D9VG0yy3.js                   1.41 kB │ gzip:  0.74 kB
.svelte-kit/output/client/_app/immutable/chunks/DawXKKbd.js                     1.51 kB │ gzip:  0.83 kB
.svelte-kit/output/client/_app/immutable/chunks/CmxHGs2C.js                     1.54 kB │ gzip:  0.84 kB
.svelte-kit/output/client/_app/immutable/chunks/CLu45rJb.js                     1.59 kB │ gzip:  0.90 kB
.svelte-kit/output/client/_app/immutable/chunks/D9gdmY5R.js                     1.89 kB │ gzip:  1.08 kB
.svelte-kit/output/client/_app/immutable/chunks/23IDH_os.js                     2.23 kB │ gzip:  0.99 kB
.svelte-kit/output/client/_app/immutable/nodes/37.DYLymjxe.js                   2.29 kB │ gzip:  0.83 kB
.svelte-kit/output/client/_app/immutable/nodes/30.B_3JLJe4.js                   2.52 kB │ gzip:  1.13 kB
.svelte-kit/output/client/_app/immutable/chunks/BYGdvxd3.js                     3.07 kB │ gzip:  1.61 kB
.svelte-kit/output/client/_app/immutable/chunks/of58iSTN.js                     3.09 kB │ gzip:  1.48 kB
.svelte-kit/output/client/_app/immutable/chunks/Br5ht7GH.js                     3.17 kB │ gzip:  1.50 kB
.svelte-kit/output/client/_app/immutable/nodes/32.CIxxPSqr.js                   5.05 kB │ gzip:  1.84 kB
.svelte-kit/output/client/_app/immutable/chunks/DWAOcnKI.js                     5.62 kB │ gzip:  2.62 kB
.svelte-kit/output/client/_app/immutable/nodes/28.CIB1Iaan.js                   7.23 kB │ gzip:  2.57 kB
.svelte-kit/output/client/_app/immutable/chunks/CzCYa5Dm.js                     7.47 kB │ gzip:  2.69 kB
.svelte-kit/output/client/_app/immutable/chunks/Bio8OMR2.js                     7.95 kB │ gzip:  2.45 kB
.svelte-kit/output/client/_app/immutable/chunks/BwoKKt-L.js                     8.49 kB │ gzip:  2.52 kB
.svelte-kit/output/client/_app/immutable/nodes/27.Br9Pp_As.js                   8.55 kB │ gzip:  2.63 kB
.svelte-kit/output/client/_app/immutable/chunks/pOnhU1K3.js                     9.31 kB │ gzip:  4.01 kB
.svelte-kit/output/client/_app/immutable/chunks/cBEzo8Pk.js                    10.53 kB │ gzip:  3.48 kB
.svelte-kit/output/client/_app/immutable/nodes/29.BF8FiSAg.js                  11.04 kB │ gzip:  3.74 kB
.svelte-kit/output/client/_app/immutable/nodes/0.DSm6KG8e.js                   15.20 kB │ gzip:  5.92 kB
.svelte-kit/output/client/_app/immutable/chunks/ctH2FVfo.js                    16.04 kB │ gzip:  5.74 kB
.svelte-kit/output/client/_app/immutable/nodes/45.0CQvtv1J.js                  16.56 kB │ gzip:  5.99 kB
.svelte-kit/output/client/_app/immutable/entry/app.D7TW7o6q.js                 17.19 kB │ gzip:  4.95 kB
.svelte-kit/output/client/_app/immutable/chunks/BiNu8CAx.js                    17.42 kB │ gzip:  5.69 kB
.svelte-kit/output/client/_app/immutable/chunks/By6l-YN7.js                    24.68 kB │ gzip: 18.01 kB
.svelte-kit/output/client/_app/immutable/chunks/Cxn9-_ga.js                    26.46 kB │ gzip:  9.88 kB
.svelte-kit/output/client/_app/immutable/chunks/BQoWpUrZ.js                    27.47 kB │ gzip:  8.44 kB
.svelte-kit/output/client/_app/immutable/chunks/DuaP2NHZ.js                    28.65 kB │ gzip:  8.85 kB
.svelte-kit/output/client/_app/immutable/chunks/DNY05m_R.js                    29.05 kB │ gzip:  8.79 kB
.svelte-kit/output/client/_app/immutable/chunks/-re4kr0i.js                    29.18 kB │ gzip:  8.75 kB
.svelte-kit/output/client/_app/immutable/chunks/KsD8MFTB.js                    29.20 kB │ gzip:  8.77 kB
.svelte-kit/output/client/_app/immutable/chunks/YguCsklO.js                    29.28 kB │ gzip:  8.75 kB
.svelte-kit/output/client/_app/immutable/chunks/B_ZV6Xch.js                    29.35 kB │ gzip:  8.77 kB
.svelte-kit/output/client/_app/immutable/chunks/DjNOkJt_.js                    29.63 kB │ gzip:  8.78 kB
.svelte-kit/output/client/_app/immutable/chunks/DPT7TbtM.js                    30.32 kB │ gzip: 11.75 kB
.svelte-kit/output/client/_app/immutable/chunks/D0otUJWs.js                    34.18 kB │ gzip: 10.25 kB
.svelte-kit/output/client/_app/immutable/chunks/2uh861ts.js                    34.85 kB │ gzip: 13.31 kB
.svelte-kit/output/client/_app/immutable/chunks/uWKH0BLc.js                    36.43 kB │ gzip: 10.59 kB
.svelte-kit/output/client/_app/immutable/chunks/BMj3K15n.js                    36.54 kB │ gzip: 10.89 kB
.svelte-kit/output/client/_app/immutable/chunks/C8UiVCOL.js                    39.71 kB │ gzip: 11.14 kB
.svelte-kit/output/client/_app/immutable/chunks/CeIw3Leq.js                    50.30 kB │ gzip: 21.71 kB
.svelte-kit/output/client/_app/immutable/chunks/DHIraohL.js                    50.98 kB │ gzip: 15.17 kB
.svelte-kit/output/client/_app/immutable/chunks/EJLz89i0.js                    62.00 kB │ gzip: 25.43 kB
.svelte-kit/output/client/_app/immutable/chunks/DJkvJPcF.js                    64.31 kB │ gzip: 16.17 kB
.svelte-kit/output/client/_app/immutable/chunks/BEBut4AT.js                    65.51 kB │ gzip: 22.30 kB
.svelte-kit/output/client/_app/immutable/chunks/bZGK-asb.js                    70.33 kB │ gzip: 23.03 kB
.svelte-kit/output/client/_app/immutable/chunks/BeTTuxDp.js                    72.54 kB │ gzip: 23.77 kB
.svelte-kit/output/client/_app/immutable/chunks/Se5XKmGs.js                    72.93 kB │ gzip: 23.31 kB
.svelte-kit/output/client/_app/immutable/chunks/DohvQJys.js                    76.05 kB │ gzip: 24.16 kB
✓ built in 3.24s
.svelte-kit/output/server/.vite/manifest.json                                              54.78 kB
.svelte-kit/output/server/_app/immutable/assets/_page.BZydLfBP.css                          0.31 kB
.svelte-kit/output/server/_app/immutable/assets/_page.B9qcGHF6.css                          0.36 kB
.svelte-kit/output/server/_app/immutable/assets/Breadcrumb.BmZYyKRX.css                     0.69 kB
.svelte-kit/output/server/_app/immutable/assets/_page.Ca8JZTwE.css                          0.84 kB
.svelte-kit/output/server/_app/immutable/assets/_page.DHVKW6XC.css                          0.85 kB
.svelte-kit/output/server/_app/immutable/assets/RelatedGuides.BcbeWErH.css                  0.99 kB
.svelte-kit/output/server/_app/immutable/assets/_page.CIiOrT1M.css                          1.00 kB
.svelte-kit/output/server/_app/immutable/assets/_page.n-4_1IJn.css                          1.16 kB
.svelte-kit/output/server/_app/immutable/assets/_page.RyF0HubK.css                          1.30 kB
.svelte-kit/output/server/_app/immutable/assets/_page.BggYkHvp.css                          1.88 kB
.svelte-kit/output/server/_app/immutable/assets/_page.CskI46f3.css                          2.47 kB
.svelte-kit/output/server/_app/immutable/assets/Navigation.Bydwkj3d.css                     2.56 kB
.svelte-kit/output/server/_app/immutable/assets/_page.CfAW1SYx.css                          2.80 kB
.svelte-kit/output/server/_app/immutable/assets/_page.BCpzCjHN.css                          4.87 kB
.svelte-kit/output/server/_app/immutable/assets/_page.CEv1j5ph.css                          5.25 kB
.svelte-kit/output/server/_app/immutable/assets/tool-page-layout.B7Eh_CqO.css               6.34 kB
.svelte-kit/output/server/_app/immutable/assets/_page.D8TAS2QF.css                          7.23 kB
.svelte-kit/output/server/_app/immutable/assets/_layout.DO_8_OU9.css                        7.78 kB
.svelte-kit/output/server/_app/immutable/assets/_page.BsiLZnJC.css                         10.79 kB
.svelte-kit/output/server/_app/immutable/assets/_page.B8qAOhNR.css                         17.71 kB
.svelte-kit/output/server/_app/immutable/assets/_page.D5ebQRbs.css                         18.15 kB
.svelte-kit/output/server/_app/immutable/assets/_page.CfIQ1_m0.css                         18.17 kB
.svelte-kit/output/server/_app/immutable/assets/_page.L0ndOTfy.css                         18.38 kB
.svelte-kit/output/server/_app/immutable/assets/_page.CFJGxjWr.css                         19.27 kB
.svelte-kit/output/server/_app/immutable/assets/_page.DUZ1HGdO.css                         19.50 kB
.svelte-kit/output/server/_app/immutable/assets/_page.Dy6wjpWQ.css                         19.50 kB
.svelte-kit/output/server/_app/immutable/assets/_page.DeSjPpen.css                         19.74 kB
.svelte-kit/output/server/_app/immutable/assets/_page.B5v3of5i.css                         19.74 kB
.svelte-kit/output/server/_app/immutable/assets/_page.DKU5S7hf.css                         19.74 kB
.svelte-kit/output/server/_app/immutable/assets/_page.CAEZiSO0.css                         19.76 kB
.svelte-kit/output/server/_app/immutable/assets/_page.DkVI0WJz.css                         20.98 kB
.svelte-kit/output/server/_app/immutable/assets/_page.DB78AC1B.css                         39.22 kB
.svelte-kit/output/server/entries/pages/_lang_/10minutemail/_page.js                        0.00 kB
.svelte-kit/output/server/entries/pages/_lang_/best-temp-mail/_page.js                      0.00 kB
.svelte-kit/output/server/entries/pages/_lang_/blog/_page.js                                0.00 kB
.svelte-kit/output/server/entries/pages/_lang_/blog/_slug_/_page.js                         0.00 kB
.svelte-kit/output/server/entries/pages/_lang_/burner-email/_page.js                        0.00 kB
.svelte-kit/output/server/entries/pages/_lang_/contact/_page.js                             0.00 kB
.svelte-kit/output/server/entries/pages/_lang_/edu-email-generator/_page.js                 0.00 kB
.svelte-kit/output/server/entries/pages/_lang_/email-generator/_page.js                     0.00 kB
.svelte-kit/output/server/entries/pages/_lang_/faq/_page.js                                 0.00 kB
.svelte-kit/output/server/entries/pages/_lang_/gmail-generator/_page.js                     0.00 kB
.svelte-kit/output/server/entries/pages/_lang_/privacy-policy/_page.js                      0.00 kB
.svelte-kit/output/server/entries/pages/_lang_/temp-gmail/_page.js                          0.00 kB
.svelte-kit/output/server/entries/pages/_lang_/temp-mail-edu/_page.js                       0.00 kB
.svelte-kit/output/server/entries/pages/_lang_/temporary-gmail/_page.js                     0.00 kB
.svelte-kit/output/server/entries/pages/_lang_/terms/_page.js                               0.00 kB
.svelte-kit/output/server/entries/pages/_lang_/about/_page.js                               0.04 kB
.svelte-kit/output/server/entries/pages/_lang_/advertising/_page.js                         0.04 kB
.svelte-kit/output/server/entries/pages/_lang_/fire-mail/_page.js                           0.04 kB
.svelte-kit/output/server/entries/pages/_lang_/gmailnator-alternative/_page.js              0.04 kB
.svelte-kit/output/server/entries/pages/_lang_/temporary-email-generator/_page.js           0.04 kB
.svelte-kit/output/server/entries/pages/10minutemail/_page.js                               0.05 kB
.svelte-kit/output/server/entries/pages/best-temp-mail/_page.js                             0.05 kB
.svelte-kit/output/server/entries/pages/blog/_page.js                                       0.05 kB
.svelte-kit/output/server/entries/pages/burner-email/_page.js                               0.05 kB
.svelte-kit/output/server/entries/pages/edu-email-generator/_page.js                        0.05 kB
.svelte-kit/output/server/entries/pages/email-generator/_page.js                            0.05 kB
.svelte-kit/output/server/entries/pages/fire-mail/_page.js                                  0.05 kB
.svelte-kit/output/server/entries/pages/gmail-generator/_page.js                            0.05 kB
.svelte-kit/output/server/entries/pages/gmailnator-alternative/_page.js                     0.05 kB
.svelte-kit/output/server/entries/pages/temp-gmail/_page.js                                 0.05 kB
.svelte-kit/output/server/entries/pages/temp-mail-edu/_page.js                              0.05 kB
.svelte-kit/output/server/entries/pages/temporary-email-generator/_page.js                  0.05 kB
.svelte-kit/output/server/entries/pages/temporary-gmail/_page.js                            0.05 kB
.svelte-kit/output/server/chunks/false.js                                                   0.05 kB
.svelte-kit/output/server/chunks/hooks.js                                                   0.06 kB
.svelte-kit/output/server/entries/pages/_lang_/faq/_page.server.js                          0.07 kB
.svelte-kit/output/server/entries/pages/_lang_/about/_page.server.js                        0.07 kB
.svelte-kit/output/server/entries/pages/_lang_/terms/_page.server.js                        0.07 kB
.svelte-kit/output/server/entries/pages/_lang_/contact/_page.server.js                      0.07 kB
.svelte-kit/output/server/entries/pages/_page.js                                            0.07 kB
.svelte-kit/output/server/entries/pages/blog/_slug_/_page.js                                0.07 kB
.svelte-kit/output/server/entries/pages/contact/_page.js                                    0.07 kB
.svelte-kit/output/server/entries/pages/faq/_page.js                                        0.07 kB
.svelte-kit/output/server/entries/pages/privacy-policy/_page.js                             0.07 kB
.svelte-kit/output/server/entries/pages/terms/_page.js                                      0.07 kB
.svelte-kit/output/server/entries/pages/_lang_/fire-mail/_page.server.js                    0.08 kB
.svelte-kit/output/server/entries/pages/_lang_/advertising/_page.server.js                  0.08 kB
.svelte-kit/output/server/entries/pages/_lang_/temp-mail-edu/_page.server.js                0.08 kB
.svelte-kit/output/server/entries/pages/admin/_layout.server.js                             0.08 kB
.svelte-kit/output/server/entries/pages/_lang_/privacy-policy/_page.server.js               0.08 kB
.svelte-kit/output/server/entries/pages/_lang_/gmail-generator/_page.server.js              0.08 kB
.svelte-kit/output/server/entries/pages/_lang_/temporary-gmail/_page.server.js              0.08 kB
.svelte-kit/output/server/entries/pages/_lang_/gmailnator-alternative/_page.server.js       0.09 kB
.svelte-kit/output/server/entries/pages/_lang_/temporary-email-generator/_page.server.js    0.09 kB
.svelte-kit/output/server/entries/pages/10minutemail/_page.server.js                        0.12 kB
.svelte-kit/output/server/entries/pages/fire-mail/_page.server.js                           0.12 kB
.svelte-kit/output/server/entries/pages/_lang_/blog/_page.server.js                         0.12 kB
.svelte-kit/output/server/entries/pages/gmail-generator/_page.server.js                     0.13 kB
.svelte-kit/output/server/entries/pages/gmailnator-alternative/_page.server.js              0.13 kB
.svelte-kit/output/server/entries/pages/temporary-gmail/_page.server.js                     0.13 kB
.svelte-kit/output/server/entries/pages/temporary-email-generator/_page.server.js           0.13 kB
.svelte-kit/output/server/entries/pages/temp-mail-edu/_page.server.js                       0.13 kB
.svelte-kit/output/server/entries/pages/_lang_/10minutemail/_page.server.js                 0.14 kB
.svelte-kit/output/server/chunks/html.js                                                    0.14 kB
.svelte-kit/output/server/entries/pages/_lang_/blog/_slug_/_page.server.js                  0.14 kB
.svelte-kit/output/server/entries/fallbacks/layout.svelte.js                                0.17 kB
.svelte-kit/output/server/entries/pages/_lang_/_layout.js                                   0.22 kB
.svelte-kit/output/server/entries/pages/_lang_/_page.svelte.js                              0.27 kB
.svelte-kit/output/server/entries/pages/_lang_/about/_page.svelte.js                        0.27 kB
.svelte-kit/output/server/entries/pages/_lang_/faq/_page.svelte.js                          0.28 kB
.svelte-kit/output/server/entries/pages/_lang_/terms/_page.svelte.js                        0.28 kB
.svelte-kit/output/server/entries/pages/_lang_/contact/_page.svelte.js                      0.28 kB
.svelte-kit/output/server/entries/pages/_lang_/fire-mail/_page.svelte.js                    0.29 kB
.svelte-kit/output/server/entries/pages/_lang_/temp-gmail/_page.svelte.js                   0.29 kB
.svelte-kit/output/server/entries/pages/_lang_/advertising/_page.svelte.js                  0.29 kB
.svelte-kit/output/server/entries/pages/_lang_/10minutemail/_page.svelte.js                 0.29 kB
.svelte-kit/output/server/entries/pages/_lang_/burner-email/_page.svelte.js                 0.29 kB
.svelte-kit/output/server/entries/pages/_lang_/temp-mail-edu/_page.svelte.js                0.29 kB
.svelte-kit/output/server/entries/pages/_lang_/best-temp-mail/_page.svelte.js               0.29 kB
.svelte-kit/output/server/entries/pages/_lang_/privacy-policy/_page.svelte.js               0.29 kB
.svelte-kit/output/server/entries/pages/_lang_/email-generator/_page.svelte.js              0.29 kB
.svelte-kit/output/server/entries/pages/_lang_/gmail-generator/_page.svelte.js              0.29 kB
.svelte-kit/output/server/entries/pages/_lang_/temporary-gmail/_page.svelte.js              0.29 kB
.svelte-kit/output/server/entries/pages/_lang_/edu-email-generator/_page.svelte.js          0.30 kB
.svelte-kit/output/server/entries/pages/_lang_/gmailnator-alternative/_page.svelte.js       0.30 kB
.svelte-kit/output/server/entries/pages/_lang_/temporary-email-generator/_page.svelte.js    0.30 kB
.svelte-kit/output/server/entries/pages/_lang_/_layout.server.js                            0.31 kB
.svelte-kit/output/server/internal.js                                                       0.33 kB
.svelte-kit/output/server/entries/pages/terms/_page.server.js                               0.34 kB
.svelte-kit/output/server/chunks/state.svelte.js                                            0.34 kB
.svelte-kit/output/server/entries/pages/advertising/_page.server.js                         0.37 kB
.svelte-kit/output/server/entries/pages/privacy-policy/_page.server.js                      0.37 kB
.svelte-kit/output/server/entries/pages/contact/_page.server.js                             0.41 kB
.svelte-kit/output/server/entries/pages/_lang_/blog/_page.svelte.js                         0.42 kB
.svelte-kit/output/server/entries/pages/_lang_/blog/_slug_/_page.svelte.js                  0.43 kB
.svelte-kit/output/server/entries/pages/faq/_page.server.js                                 0.43 kB
.svelte-kit/output/server/entries/pages/_lang_/_page.server.js                              0.47 kB
.svelte-kit/output/server/entries/endpoints/robots.txt/_server.js                           0.48 kB
.svelte-kit/output/server/entries/pages/_lang_/burner-email/_page.server.js                 0.48 kB
.svelte-kit/output/server/entries/pages/_lang_/best-temp-mail/_page.server.js               0.48 kB
.svelte-kit/output/server/entries/pages/_lang_/email-generator/_page.server.js              0.49 kB
.svelte-kit/output/server/entries/pages/_lang_/edu-email-generator/_page.server.js          0.49 kB
.svelte-kit/output/server/entries/pages/about/_page.server.js                               0.49 kB
.svelte-kit/output/server/entries/pages/_lang_/temp-gmail/_page.server.js                   0.50 kB
.svelte-kit/output/server/entries/pages/_layout.js                                          0.52 kB
.svelte-kit/output/server/entries/pages/burner-email/_page.server.js                        0.54 kB
.svelte-kit/output/server/entries/pages/best-temp-mail/_page.server.js                      0.54 kB
.svelte-kit/output/server/entries/pages/email-generator/_page.server.js                     0.54 kB
.svelte-kit/output/server/entries/pages/edu-email-generator/_page.server.js                 0.55 kB
.svelte-kit/output/server/entries/pages/temp-gmail/_page.server.js                          0.56 kB
.svelte-kit/output/server/chunks/environment.js                                             0.58 kB
.svelte-kit/output/server/entries/pages/admin/_page.server.js                               0.61 kB
.svelte-kit/output/server/chunks/tool-page-layout.js                                        0.62 kB
.svelte-kit/output/server/chunks/stores.js                                                  0.65 kB
.svelte-kit/output/server/entries/endpoints/api/admin/sitemap-ping/_server.js               0.71 kB
.svelte-kit/output/server/chunks/index.js                                                   0.71 kB
.svelte-kit/output/server/chunks/stores2.js                                                 0.72 kB
.svelte-kit/output/server/entries/pages/_lang_/_layout.svelte.js                            0.75 kB
.svelte-kit/output/server/entries/pages/blog/_page.server.js                                0.76 kB
.svelte-kit/output/server/entries/pages/admin/login/_page.server.js                         0.76 kB
.svelte-kit/output/server/chunks/lang.js                                                    0.81 kB
.svelte-kit/output/server/entries/endpoints/sitemap.xml/_server.ts.js                       0.84 kB
.svelte-kit/output/server/entries/endpoints/api/admin/delete-post/_server.js                0.89 kB
.svelte-kit/output/server/entries/pages/_page.server.js                                     0.90 kB
.svelte-kit/output/server/chunks/adminAuth.js                                               1.00 kB
.svelte-kit/output/server/entries/fallbacks/error.svelte.js                                 1.06 kB
.svelte-kit/output/server/chunks/utils.js                                                   1.15 kB
.svelte-kit/output/server/chunks/Hreflang.js                                                1.15 kB
.svelte-kit/output/server/chunks/home-seo.js                                                1.35 kB
.svelte-kit/output/server/chunks/shared.js                                                  1.35 kB
.svelte-kit/output/server/entries/pages/admin/login/_page.svelte.js                         1.38 kB
.svelte-kit/output/server/chunks/Breadcrumb.js                                              1.44 kB
.svelte-kit/output/server/entries/endpoints/api/admin/update-post/_server.js                1.46 kB
.svelte-kit/output/server/entries/endpoints/api/admin/list-posts/_server.js                 1.51 kB
.svelte-kit/output/server/chunks/RelatedGuides.js                                           1.66 kB
.svelte-kit/output/server/chunks/context.js                                                 1.70 kB
.svelte-kit/output/server/entries/endpoints/api/admin/create-post/_server.js                1.73 kB
.svelte-kit/output/server/chunks/banners.js                                                 1.82 kB
.svelte-kit/output/server/chunks/hooks.server.js                                            1.93 kB
.svelte-kit/output/server/entries/endpoints/sitemap-blog.xml/_server.ts.js                  2.01 kB
.svelte-kit/output/server/entries/pages/admin/banners/_page.svelte.js                       2.16 kB
.svelte-kit/output/server/entries/pages/blog/_slug_/_page.server.js                         2.25 kB
.svelte-kit/output/server/entries/pages/changelog/_page.svelte.js                           2.31 kB
.svelte-kit/output/server/entries/endpoints/sitemap-_lang_.xml/_server.ts.js                2.45 kB
.svelte-kit/output/server/chunks/index3.js                                                  2.65 kB
.svelte-kit/output/server/chunks/_seo3.js                                                   3.41 kB
.svelte-kit/output/server/chunks/pl.js                                                      3.60 kB
.svelte-kit/output/server/chunks/_seo5.js                                                   3.60 kB
.svelte-kit/output/server/chunks/nl.js                                                      3.61 kB
.svelte-kit/output/server/chunks/_seo2.js                                                   3.68 kB
.svelte-kit/output/server/chunks/it.js                                                      3.69 kB
.svelte-kit/output/server/chunks/_seo4.js                                                   3.84 kB
.svelte-kit/output/server/chunks/_seo.js                                                    4.05 kB
.svelte-kit/output/server/entries/pages/advertising/_page.svelte.js                         5.02 kB
.svelte-kit/output/server/chunks/exports.js                                                 5.47 kB
.svelte-kit/output/server/entries/pages/about/author/_page.svelte.js                        7.38 kB
.svelte-kit/output/server/entries/pages/contact/_page.svelte.js                             7.38 kB
.svelte-kit/output/server/entries/pages/terms/_page.svelte.js                               7.99 kB
.svelte-kit/output/server/entries/pages/privacy-policy/_page.svelte.js                      8.46 kB
.svelte-kit/output/server/entries/pages/about/_page.svelte.js                               8.88 kB
.svelte-kit/output/server/entries/pages/admin/_page.svelte.js                               9.02 kB
.svelte-kit/output/server/entries/pages/_layout.svelte.js                                   9.26 kB
.svelte-kit/output/server/entries/pages/faq/_page.svelte.js                                11.46 kB
.svelte-kit/output/server/entries/endpoints/ads.txt/_server.js                             13.88 kB
.svelte-kit/output/server/remote-entry.js                                                  14.17 kB
.svelte-kit/output/server/entries/pages/methodology/_page.svelte.js                        16.12 kB
.svelte-kit/output/server/chunks/runtime.js                                                16.36 kB
.svelte-kit/output/server/entries/pages/temp-mail-edu/_page.svelte.js                      17.71 kB
.svelte-kit/output/server/entries/pages/blog/_page.svelte.js                               18.29 kB
.svelte-kit/output/server/entries/pages/temporary-gmail/_page.svelte.js                    18.37 kB
.svelte-kit/output/server/entries/pages/10minutemail/_page.svelte.js                       18.80 kB
.svelte-kit/output/server/entries/pages/edu-email-generator/_page.svelte.js                18.93 kB
.svelte-kit/output/server/entries/pages/blog/_slug_/_page.svelte.js                        19.07 kB
.svelte-kit/output/server/entries/pages/fire-mail/_page.svelte.js                          19.53 kB
.svelte-kit/output/server/entries/pages/gmailnator-alternative/_page.svelte.js             19.70 kB
.svelte-kit/output/server/entries/pages/temporary-email-generator/_page.svelte.js          19.71 kB
.svelte-kit/output/server/entries/pages/gmail-generator/_page.svelte.js                    19.78 kB
.svelte-kit/output/server/entries/pages/email-generator/_page.svelte.js                    24.01 kB
.svelte-kit/output/server/entries/pages/best-temp-mail/_page.svelte.js                     26.20 kB
.svelte-kit/output/server/entries/pages/burner-email/_page.svelte.js                       26.63 kB
.svelte-kit/output/server/chunks/zh.js                                                     29.34 kB
.svelte-kit/output/server/entries/pages/temp-gmail/_page.svelte.js                         29.41 kB
.svelte-kit/output/server/chunks/index2.js                                                 35.27 kB
.svelte-kit/output/server/chunks/internal.js                                               41.33 kB
.svelte-kit/output/server/entries/pages/_page.svelte.js                                    51.89 kB
.svelte-kit/output/server/chunks/ar.js                                                     55.19 kB
.svelte-kit/output/server/chunks/utils2.js                                                 59.29 kB
.svelte-kit/output/server/chunks/ru.js                                                     66.89 kB
.svelte-kit/output/server/chunks/en.js                                                     70.16 kB
.svelte-kit/output/server/chunks/pt.js                                                     74.98 kB
.svelte-kit/output/server/chunks/de.js                                                     77.20 kB
.svelte-kit/output/server/chunks/es.js                                                     77.65 kB
.svelte-kit/output/server/chunks/fr.js                                                     80.71 kB
.svelte-kit/output/server/index.js                                                        124.48 kB
✓ built in 7.94s

Run npm run preview to preview your production build locally.

> Using @sveltejs/adapter-cloudflare
  Function includes/excludes exceeds _routes.json limits (see https://developers.cloudflare.com/pages/platform/functions/routing/#limits). Dropping 3 exclude rules — this will cause unnecessary function invocations.
  ✔ done
